// Jest Snapshot v1, https://goo.gl/fbAQLP

exports[`parseCaptionsXml 1`] = `
Array [
  Object {
    "duration": 4.122,
    "start": 2.102,
    "text": "So Glasgow got a great theatre,
  A lively crowd
  And a great atmosphere",
  },
  Object {
    "duration": 2.6,
    "start": 6.725,
    "text": "So far though
  There is one thing missing",
  },
  Object {
    "duration": 0.7,
    "start": 9.526,
    "text": "Talent!",
  },
  Object {
    "duration": 5.9,
    "start": 12.127,
    "text": "Yes, tensions are high backstage
  As everyone wonders where that
  Talent is going to come from?",
  },
  Object {
    "duration": 5.1,
    "start": 18.228,
    "text": "Next up is a contestant who thinks
  She has what it takes
  To put Glasgow on the map",
  },
  Object {
    "duration": 2,
    "start": 24.729,
    "text": "Alright
  How are you doing?
  I&#39;m very well",
  },
  Object {
    "duration": 5.5,
    "start": 26.83,
    "text": "My name is Susan Boyle
  I&#39;m nearly 48
  Currently unemployed but i&#39;m still looking",
  },
  Object {
    "duration": 2.8,
    "start": 32.331,
    "text": "I&#39;m going to sing for you on
  Britains Got Talent today",
  },
  Object {
    "duration": 4,
    "start": 35.232,
    "text": "A little nervous?
  Yeah Sure!
  That&#39;s not surprising",
  },
  Object {
    "duration": 3.2,
    "start": 40.133,
    "text": "At the moment I live
  On my own with my cat
  Called Pebbles",
  },
  Object {
    "duration": 6.6,
    "start": 43.434,
    "text": "i&#39;ve never been married
  Never been kissed
  Oh shame, but its not and advert!",
  },
  Object {
    "duration": 3.1,
    "start": 50.335,
    "text": "Have you done this for many a year?
  Since I was twelve",
  },
  Object {
    "duration": 8.4,
    "start": 54.136,
    "text": "I have always wanted to
  Perform in front of a large audience
  I&#39;m going to make that audience ROCK!",
  },
  Object {
    "duration": 6.1,
    "start": 68.137,
    "text": "Hi, what&#39;s your name darling?
  My name is Susan Boyle
  Ok, Susan where are you from?",
  },
  Object {
    "duration": 2.1,
    "start": 74.438,
    "text": "I&#39;m from Blackburn
  Near Bathgate
  West Lothian",
  },
  Object {
    "duration": 4.8,
    "start": 76.539,
    "text": "Its a big town?
  its a sort of a collection of
  A collection of eh",
  },
  Object {
    "duration": 3.8,
    "start": 82.94,
    "text": "Villages!
  Had to think there
  And how old are you Susan?",
  },
  Object {
    "duration": 2.5,
    "start": 86.741,
    "text": "I&#39;m 47",
  },
  Object {
    "duration": 4.3,
    "start": 90.942,
    "text": "And that&#39;s just one side of me",
  },
  Object {
    "duration": 5.1,
    "start": 100.143,
    "text": "Ok whats the dream?
  I&#39;m trying to be a professional singer",
  },
  Object {
    "duration": 4.3,
    "start": 105.244,
    "text": "And why hasn&#39;t it
  Worked out so far Susan?
  I haven&#39;t been giving the chance before",
  },
  Object {
    "duration": 4.6,
    "start": 109.545,
    "text": "But heres hoping it will change?
  Who would you like to be
  As successful as?",
  },
  Object {
    "duration": 1.6,
    "start": 114.346,
    "text": "Elaine Paige!",
  },
  Object {
    "duration": 1.2,
    "start": 115.947,
    "text": "What are you going to
  Sing for us?",
  },
  Object {
    "duration": 3.5,
    "start": 117.248,
    "text": "I&#39;m going to sing
  I Dreamed A Dream
  From Les Miserables",
  },
  Object {
    "duration": 6.3,
    "start": 120.749,
    "text": "Ok Big Song!
  Yeah
  Yeah!",
  },
  Object {
    "duration": 5.7,
    "start": 137.35,
    "text": "I dreamed a dream
  In time gone by
  ( Cheering and Applause )",
  },
  Object {
    "duration": 6,
    "start": 144.051,
    "text": "When hope was high
  And life worth living
  ( You didnt expect that did you? No )",
  },
  Object {
    "duration": 6.5,
    "start": 150.052,
    "text": "I dreamed that love
  Would never die",
  },
  Object {
    "duration": 5.5,
    "start": 157.253,
    "text": "I dreamed that
  God would be forgiving",
  },
  Object {
    "duration": 5.5,
    "start": 163.454,
    "text": "Then I was young
  And unafraid",
  },
  Object {
    "duration": 7,
    "start": 169.855,
    "text": "And dreams were made
  And used and wasted",
  },
  Object {
    "duration": 5.8,
    "start": 177.856,
    "text": "There was no ransom
  to be paid",
  },
  Object {
    "duration": 5.5,
    "start": 183.757,
    "text": "No song unsung
  No wine untasted",
  },
  Object {
    "duration": 12.7,
    "start": 190.358,
    "text": "But the tigers come at night
  With their voices soft as thunder",
  },
  Object {
    "duration": 19.4,
    "start": 203.159,
    "text": "As they tear your hope apart
  And they turn your dream to shame
  ( Look at that! )",
  },
  Object {
    "duration": 12.6,
    "start": 222.56,
    "text": "And still I dream he&#39;ll come to me
  That we will live the years together",
  },
  Object {
    "duration": 13.3,
    "start": 235.361,
    "text": "But there are dreams that cannot be
  And there are storms we cannot weather",
  },
  Object {
    "duration": 11.1,
    "start": 251.762,
    "text": "I had a dream my life would be
  So different from this hell I&#39;m living",
  },
  Object {
    "duration": 15,
    "start": 262.963,
    "text": "So different now from what it seemed
  Now life has killed the dream I dreamed.",
  },
  Object {
    "duration": 10,
    "start": 278.064,
    "text": "HUGE APPLAUSE !",
  },
  Object {
    "duration": 8.6,
    "start": 290.565,
    "text": "Hey, Come back here, wait, wait
  Alright, Thank you very much, Susan
  Ok Piers",
  },
  Object {
    "duration": 7.4,
    "start": 299.366,
    "text": "Without a doubt that
  Is the biggest surprise I have had
  In my three years on the show",
  },
  Object {
    "duration": 6.2,
    "start": 307.767,
    "text": "When you stood there
  With that cheeky grin
  And said &quot;I want to be like Elaine Paige&quot;",
  },
  Object {
    "duration": 4.9,
    "start": 313.968,
    "text": "And everyone was laughing at you
  No-One is laughing now!
  That was STUNNING!",
  },
  Object {
    "duration": 4.5,
    "start": 318.869,
    "text": "An incredible perfomance
  (APPLAUSE)",
  },
  Object {
    "duration": 4.1,
    "start": 324.17,
    "text": "Amazing!
  I&#39;m reeling from shock
  I don&#39;t know what you thought of it?",
  },
  Object {
    "duration": 4.9,
    "start": 328.371,
    "text": "I&#39;m so thrilled because
  I know everybody was against you",
  },
  Object {
    "duration": 7,
    "start": 333.372,
    "text": "I honestly think we were all
  Being very cynical and that&#39;s
  The biggest wake-up call ever",
  },
  Object {
    "duration": 7.2,
    "start": 340.373,
    "text": "And i just want to say
  It was a complete privilege
  Listening to that (APPLAUSE) (Thank You)",
  },
  Object {
    "duration": 5.4,
    "start": 348.574,
    "text": "Susan I knew the minute
  You walk out ( Laughter)
  Oh Simon!",
  },
  Object {
    "duration": 8.4,
    "start": 354.075,
    "text": "On that stage that we were
  Going to hear something extraordinary
  And I was right ( Laughter)",
  },
  Object {
    "duration": 1.9,
    "start": 362.576,
    "text": "What a load of tosh!",
  },
  Object {
    "duration": 5.3,
    "start": 364.477,
    "text": "Susan, you are a little tiger
  Aren&#39;t you?
  I don&#39;t know about that",
  },
  Object {
    "duration": 3.2,
    "start": 369.778,
    "text": "You are, Ok, moment of truth
  Piers, Yes or No?",
  },
  Object {
    "duration": 5.4,
    "start": 372.979,
    "text": "The biggest YES I have
  Ever given anybody",
  },
  Object {
    "duration": 8.6,
    "start": 378.88,
    "text": "Amanda? Yes, definitley
  Susan Boyle, you can go back
  To your village",
  },
  Object {
    "duration": 7.5,
    "start": 387.781,
    "text": "With your head held high
  Its three Yeses",
  },
  Object {
    "duration": 8.9,
    "start": 397.982,
    "text": "HUGE APPLAUSE
  (Thank you)",
  },
  Object {
    "duration": 4.3,
    "start": 410.783,
    "text": "I think you enjoyed
  That just a little!
  You maybe right",
  },
  Object {
    "duration": 3.3,
    "start": 415.784,
    "text": "What a voice!
  Incredible",
  },
  Object {
    "duration": 6,
    "start": 419.385,
    "text": "Congratulations!
  Oh my god!
  How do you feel?",
  },
  Object {
    "duration": 1.7,
    "start": 425.486,
    "text": "Bloody fantastic",
  },
  Object {
    "duration": 6.7,
    "start": 427.187,
    "text": "Piers said thats the biggest YES
  He&#39;s ever given on the show
  In three series, Oh my god!",
  },
  Object {
    "duration": 5,
    "start": 433.888,
    "text": "Mind blowing
  The most extraordinary shock
  We&#39;ve ever had",
  },
  Object {
    "duration": 7.1,
    "start": 438.889,
    "text": "Just so emotional
  Unbelieveable, Emotional
  And Fantastic",
  },
]
`;

exports[`parseTracksXml returns array of tracks 1`] = `
Array [
  Object {
    "id": 0,
    "langCode": "ar",
    "langDefault": false,
    "langOriginal": "العربية",
    "langTranslated": "Arabic",
    "name": "",
  },
  Object {
    "id": 2,
    "langCode": "bn",
    "langDefault": false,
    "langOriginal": "বাংলা",
    "langTranslated": "Bangla",
    "name": "",
  },
  Object {
    "id": 1,
    "langCode": "bg",
    "langDefault": false,
    "langOriginal": "Български",
    "langTranslated": "Bulgarian",
    "name": "",
  },
  Object {
    "id": 3,
    "langCode": "ca",
    "langDefault": false,
    "langOriginal": "Català",
    "langTranslated": "Catalan",
    "name": "",
  },
  Object {
    "id": 54,
    "langCode": "zh-HK",
    "langDefault": false,
    "langOriginal": "中文（香港）",
    "langTranslated": "Chinese (Hong Kong)",
    "name": "",
  },
  Object {
    "id": 53,
    "langCode": "zh-CN",
    "langDefault": false,
    "langOriginal": "中文（简体）",
    "langTranslated": "Chinese (Simplified)",
    "name": "",
  },
  Object {
    "id": 55,
    "langCode": "zh-TW",
    "langDefault": false,
    "langOriginal": "中文（繁體）",
    "langTranslated": "Chinese (Traditional)",
    "name": "",
  },
  Object {
    "id": 21,
    "langCode": "hr",
    "langDefault": false,
    "langOriginal": "Hrvatski",
    "langTranslated": "Croatian",
    "name": "",
  },
  Object {
    "id": 4,
    "langCode": "cs",
    "langDefault": false,
    "langOriginal": "Čeština",
    "langTranslated": "Czech",
    "name": "",
  },
  Object {
    "id": 5,
    "langCode": "da",
    "langDefault": false,
    "langOriginal": "Dansk",
    "langTranslated": "Danish",
    "name": "",
  },
  Object {
    "id": 33,
    "langCode": "nl-BE",
    "langDefault": false,
    "langOriginal": "Nederlands (België)",
    "langTranslated": "Dutch (Belgium)",
    "name": "",
  },
  Object {
    "id": 34,
    "langCode": "nl-NL",
    "langDefault": false,
    "langOriginal": "Nederlands (Nederland)",
    "langTranslated": "Dutch (Netherlands)",
    "name": "",
  },
  Object {
    "id": 8,
    "langCode": "en-GB",
    "langDefault": true,
    "langOriginal": "English (United Kingdom)",
    "langTranslated": "English (United Kingdom)",
    "name": "",
  },
  Object {
    "id": 9,
    "langCode": "en-US",
    "langDefault": false,
    "langOriginal": "English (United States)",
    "langTranslated": "English (United States)",
    "name": "CC",
  },
  Object {
    "id": 12,
    "langCode": "et",
    "langDefault": false,
    "langOriginal": "Eesti",
    "langTranslated": "Estonian",
    "name": "",
  },
  Object {
    "id": 15,
    "langCode": "fil",
    "langDefault": false,
    "langOriginal": "Filipino",
    "langTranslated": "Filipino",
    "name": "",
  },
  Object {
    "id": 14,
    "langCode": "fi",
    "langDefault": false,
    "langOriginal": "Suomi",
    "langTranslated": "Finnish",
    "name": "",
  },
  Object {
    "id": 16,
    "langCode": "fr-BE",
    "langDefault": false,
    "langOriginal": "Français (Belgique)",
    "langTranslated": "French (Belgium)",
    "name": "",
  },
  Object {
    "id": 17,
    "langCode": "fr-CA",
    "langDefault": false,
    "langOriginal": "Français (Canada)",
    "langTranslated": "French (Canada)",
    "name": "",
  },
  Object {
    "id": 18,
    "langCode": "fr-FR",
    "langDefault": false,
    "langOriginal": "Français (France)",
    "langTranslated": "French (France)",
    "name": "",
  },
  Object {
    "id": 6,
    "langCode": "de",
    "langDefault": false,
    "langOriginal": "Deutsch",
    "langTranslated": "German",
    "name": "",
  },
  Object {
    "id": 7,
    "langCode": "el",
    "langDefault": false,
    "langOriginal": "Ελληνικά",
    "langTranslated": "Greek",
    "name": "",
  },
  Object {
    "id": 19,
    "langCode": "gu",
    "langDefault": false,
    "langOriginal": "ગુજરાતી",
    "langTranslated": "G     ujarati",
    "name": "",
  },
  Object {
    "id": 24,
    "langCode": "iw",
    "langDefault": false,
    "langOriginal": "עברית",
    "langTranslated": "Hebrew",
    "name": "",
  },
  Object {
    "id": 20,
    "langCode": "hi",
    "langDefault": false,
    "langOriginal": "हिन्दी",
    "langTranslated": "Hindi",
    "name": "",
  },
  Object {
    "id": 22,
    "langCode": "i     d",
    "langDefault": false,
    "langOriginal": "Indonesia",
    "langTranslated": "Indonesian",
    "name": "",
  },
  Object {
    "id": 23,
    "langCode": "it",
    "langDefault": false,
    "langOriginal": "Italiano",
    "langTranslated": "Italian",
    "name": "",
  },
  Object {
    "id": 25,
    "langCode": "ja",
    "langDefault": false,
    "langOriginal": "日本語",
    "langTranslated": "Japanese",
    "name": "",
  },
  Object {
    "id": 26,
    "langCode": "kn",
    "langDefault": false,
    "langOriginal": "ಕನ್ನಡ",
    "langTranslated": "Kannada",
    "name": "",
  },
  Object {
    "id": 27,
    "langCode": "ko",
    "langDefault": false,
    "langOriginal": "한국어",
    "langTranslated": "Korean",
    "name": "",
  },
  Object {
    "id": 29,
    "langCode": "lv",
    "langDefault": false,
    "langOriginal": "Latviešu",
    "langTranslated": "Latvian",
    "name": "",
  },
  Object {
    "id": 28,
    "langCode": "lt",
    "langDefault": false,
    "langOriginal": "Lietuvių",
    "langTranslated": "Lithuanian",
    "name": "",
  },
  Object {
    "id": 32,
    "langCode": "ms",
    "langDefault": false,
    "langOriginal": "Melayu",
    "langTranslated": "Malay",
    "name": "",
  },
  Object {
    "id": 30,
    "langCode": "ml",
    "langDefault": false,
    "langOriginal": "മലയാളം",
    "langTranslated": "Malayalam",
    "name": "",
  },
  Object {
    "id": 31,
    "langCode": "mr",
    "langDefault": false,
    "langOriginal": "मराठी",
    "langTranslated": "Marathi",
    "name": "",
  },
  Object {
    "id": 35,
    "langCode": "no",
    "langDefault": false,
    "langOriginal": "Norsk",
    "langTranslated": "Norwegian",
    "name": "",
  },
  Object {
    "id": 13,
    "langCode": "fa",
    "langDefault": false,
    "langOriginal": "فارسی",
    "langTranslated": "Persian",
    "name": "",
  },
  Object {
    "id": 37,
    "langCode": "pl",
    "langDefault": false,
    "langOriginal": "Polski",
    "langTranslated": "Polish",
    "name": "",
  },
  Object {
    "id": 38,
    "langCode": "pt-BR",
    "langDefault": false,
    "langOriginal": "Português (Brasil)",
    "langTranslated": "Portuguese (Brazil)",
    "name": "",
  },
  Object {
    "id": 39,
    "langCode": "pt-PT",
    "langDefault": false,
    "langOriginal": "Português      (Portugal)",
    "langTranslated": "Portuguese (Portugal)",
    "name": "",
  },
  Object {
    "id": 36,
    "langCode": "pa",
    "langDefault": false,
    "langOriginal": "ਪੰਜਾਬੀ",
    "langTranslated": "Punjabi",
    "name": "",
  },
  Object {
    "id": 40,
    "langCode": "ro",
    "langDefault": false,
    "langOriginal": "Română",
    "langTranslated": "Romanian",
    "name": "",
  },
  Object {
    "id": 41,
    "langCode": "ru",
    "langDefault": false,
    "langOriginal": "Русский",
    "langTranslated": "Russian",
    "name": "",
  },
  Object {
    "id": 44,
    "langCode": "sr",
    "langDefault": false,
    "langOriginal": "Српски",
    "langTranslated": "Serbian",
    "name": "",
  },
  Object {
    "id": 42,
    "langCode": "sk",
    "langDefault": false,
    "langOriginal": "Slovenčina",
    "langTranslated": "Slovak",
    "name": "",
  },
  Object {
    "id": 43,
    "langCode": "sl",
    "langDefault": false,
    "langOriginal": "Slovenščina",
    "langTranslated": "Slovenian",
    "name": "",
  },
  Object {
    "id": 10,
    "langCode": "es-419",
    "langDefault": false,
    "langOriginal": "Español (Latinoamérica)",
    "langTranslated": "Spanish (Latin America)",
    "name": "",
  },
  Object {
    "id": 11,
    "langCode": "es-ES",
    "langDefault": false,
    "langOriginal": "Español (España)",
    "langTranslated": "Spanish (Spain)",
    "name": "",
  },
  Object {
    "id": 46,
    "langCode": "sw",
    "langDefault": false,
    "langOriginal": "Kiswahili",
    "langTranslated": "Swahili",
    "name": "",
  },
  Object {
    "id": 45,
    "langCode": "sv",
    "langDefault": false,
    "langOriginal": "Svenska",
    "langTranslated": "Swedish",
    "name": "",
  },
  Object {
    "id": 47,
    "langCode": "ta",
    "langDefault": false,
    "langOriginal": "தமிழ்",
    "langTranslated": "T     amil",
    "name": "",
  },
  Object {
    "id": 48,
    "langCode": "te",
    "langDefault": false,
    "langOriginal": "తెలుగు",
    "langTranslated": "Telugu",
    "name": "",
  },
  Object {
    "id": 49,
    "langCode": "th",
    "langDefault": false,
    "langOriginal": "ไทย",
    "langTranslated": "Thai",
    "name": "",
  },
  Object {
    "id": 50,
    "langCode": "tr",
    "langDefault": false,
    "langOriginal": undefined,
    "langTranslated": "Turkish",
    "name": "",
  },
  Object {
    "id": 51,
    "langCode": "uk",
    "langDefault": false,
    "langOriginal": "Українська",
    "langTranslated": "Ukrainian",
    "name": "",
  },
  Object {
    "id": 52,
    "langCode": "vi",
    "langDefault": false,
    "langOriginal": "Tiếng Việt",
    "langTranslated": "Vietnamese",
    "name": "",
  },
]
`;
